// Jest Snapshot v1, https://goo.gl/fbAQLP

exports[`Should render edit expense page with snapshot 1`] = `
<div>
  <ExpenseForm
    expense={
      Object {
        "amount": 4500,
        "createdAt": 345600000,
        "description": "credit card",
        "id": "3",
        "notes": "",
      }
    }
    onSubmit={[Function]}
  />
  <button
    onClick={[Function]}
  >
    Delete Expense
  </button>
</div>
`;
