// Jest Snapshot v1, https://goo.gl/fbAQLP

exports[`Should render ExpenseList with expenses 1`] = `
<div
  className="content-container"
>
  <div
    className="list-header"
  >
    <div
      className="show-for-mobile"
    >
      Expenses
    </div>
    <div
      className="show-for-desktop"
    >
      Expense
    </div>
    <div
      className="show-for-desktop"
    >
      Amount
    </div>
  </div>
  <div
    className="list-body"
  >
    <Expense
      amount={195}
      createdAt={0}
      description="gum"
      id="1"
      key="0"
      notes=""
    />
    <Expense
      amount={1095}
      createdAt={-345600000}
      description="rent"
      id="2"
      key="1"
      notes=""
    />
    <Expense
      amount={4500}
      createdAt={345600000}
      description="credit card"
      id="3"
      key="2"
      notes=""
    />
  </div>
</div>
`;

exports[`Should render a message with no expenses 1`] = `
<div
  className="content-container"
>
  <div
    className="list-header"
  >
    <div
      className="show-for-mobile"
    >
      Expenses
    </div>
    <div
      className="show-for-desktop"
    >
      Expense
    </div>
    <div
      className="show-for-desktop"
    >
      Amount
    </div>
  </div>
  <div
    className="list-body"
  >
    <Expense
      amount={195}
      createdAt={0}
      description="gum"
      id="1"
      key="0"
      notes=""
    />
    <Expense
      amount={1095}
      createdAt={-345600000}
      description="rent"
      id="2"
      key="1"
      notes=""
    />
    <Expense
      amount={4500}
      createdAt={345600000}
      description="credit card"
      id="3"
      key="2"
      notes=""
    />
  </div>
</div>
`;
