// Jest Snapshot v1, https://goo.gl/fbAQLP

exports[`Should render the Not Found Page 1`] = `
<div>
  <p>
    404 not found
  </p>
  <Link
    replace={false}
    to="/"
  >
    Go Home
  </Link>
</div>
`;
